{
  "text": " Боже улыл! Эскому зарегиан! Боже улыл! Эскому зарегиан!",
  "segments": [
    {
      "id": 0,
      "seek": 0,
      "start": 0.44,
      "end": 1.88,
      "text": " Боже улыл!",
      "tokens": [
        50364,
        5697,
        9292,
        1595,
        30975,
        693,
        0,
        50464
      ],
      "temperature": 0.0,
      "avg_logprob": -0.9447780408357319,
      "compression_ratio": 0.8166666666666667,
      "no_speech_prob": 0.042649365961551666,
      "confidence": 0.317,
      "words": [
        {
          "text": "Боже",
          "start": 0.44,
          "end": 0.86,
          "confidence": 0.423
        },
        {
          "text": "улыл!",
          "start": 0.86,
          "end": 1.88,
          "confidence": 0.261
        }
      ]
    },
    {
      "id": 1,
      "seek": 0,
      "start": 1.88,
      "end": 3.14,
      "text": " Эскому зарегиан!",
      "tokens": [
        50464,
        5381,
        4218,
        4161,
        17821,
        4953,
        435,
        1416,
        0,
        50564
      ],
      "temperature": 0.0,
      "avg_logprob": -0.9447780408357319,
      "compression_ratio": 0.8166666666666667,
      "no_speech_prob": 0.042649365961551666,
      "confidence": 0.395,
      "words": [
        {
          "text": "Эскому",
          "start": 1.88,
          "end": 2.3,
          "confidence": 0.286
        },
        {
          "text": "зарегиан!",
          "start": 2.3,
          "end": 3.14,
          "confidence": 0.504
        }
      ]
    },
    {
      "id": 2,
      "seek": 3000,
      "start": 30.98,
      "end": 34.02,
      "text": " Боже улыл!",
      "tokens": [
        50364,
        5697,
        9292,
        1595,
        30975,
        693,
        0,
        50564
      ],
      "temperature": 0.0,
      "avg_logprob": -0.3077994145845112,
      "compression_ratio": 0.8166666666666667,
      "no_speech_prob": 0.22201119363307953,
      "confidence": 0.577,
      "words": [
        {
          "text": "Боже",
          "start": 30.98,
          "end": 33.36,
          "confidence": 0.446
        },
        {
          "text": "улыл!",
          "start": 33.36,
          "end": 34.02,
          "confidence": 0.685
        }
      ]
    },
    {
      "id": 3,
      "seek": 3000,
      "start": 34.42,
      "end": 35.72,
      "text": " Эскому зарегиан!",
      "tokens": [
        50564,
        5381,
        4218,
        4161,
        17821,
        4953,
        435,
        1416,
        0,
        50664
      ],
      "temperature": 0.0,
      "avg_logprob": -0.3077994145845112,
      "compression_ratio": 0.8166666666666667,
      "no_speech_prob": 0.22201119363307953,
      "confidence": 0.85,
      "words": [
        {
          "text": "Эскому",
          "start": 34.42,
          "end": 34.84,
          "confidence": 0.691
        },
        {
          "text": "зарегиан!",
          "start": 34.84,
          "end": 35.72,
          "confidence": 0.992
        }
      ]
    }
  ],
  "language": "ru"
}