{
  "text": " Bonjour!",
  "segments": [
    {
      "id": 0,
      "seek": 0,
      "start": 0.14,
      "end": 0.54,
      "text": " Bonjour!",
      "tokens": [
        50364,
        25431,
        2298,
        50414
      ],
      "temperature": 0.0,
      "avg_logprob": -0.6997020244598389,
      "compression_ratio": 0.5,
      "no_speech_prob": 0.019059613347053528,
      "confidence": 0.829,
      "words": [
        {
          "text": "Bonjour!",
          "start": 0.14,
          "end": 0.54,
          "confidence": 0.829
        }
      ]
    }
  ],
  "language": "fr"
}