{
  "text": " Haha.",
  "segments": [
    {
      "id": 0,
      "seek": 0,
      "start": 0.18,
      "end": 0.56,
      "text": " Haha.",
      "tokens": [
        50364,
        19131,
        13,
        50401
      ],
      "temperature": 0.0,
      "avg_logprob": -1.3158716201782226,
      "compression_ratio": 0.38461538461538464,
      "no_speech_prob": 0.5706130266189575,
      "confidence": 0.079,
      "words": [
        {
          "text": "Haha.",
          "start": 0.18,
          "end": 0.56,
          "confidence": 0.079
        }
      ]
    }
  ],
  "language": "en"
}