{
  "text": " Dima, est ce que l'on vole?",
  "segments": [
    {
      "id": 0,
      "seek": 0,
      "start": 0.42,
      "end": 2.3,
      "text": " Dima, est ce que l'on vole?",
      "tokens": [
        50364,
        413,
        4775,
        11,
        871,
        1769,
        631,
        287,
        6,
        266,
        49877,
        2506,
        50494
      ],
      "temperature": 0.0,
      "avg_logprob": -0.8433258192879813,
      "compression_ratio": 0.7714285714285715,
      "no_speech_prob": 0.0010773715330287814,
      "confidence": 0.456,
      "words": [
        {
          "text": "Dima,",
          "start": 0.42,
          "end": 0.84,
          "confidence": 0.246
        },
        {
          "text": "est",
          "start": 1.2,
          "end": 1.4,
          "confidence": 0.93
        },
        {
          "text": "ce",
          "start": 1.4,
          "end": 1.56,
          "confidence": 0.589
        },
        {
          "text": "que",
          "start": 1.56,
          "end": 1.68,
          "confidence": 0.916
        },
        {
          "text": "l'on",
          "start": 1.68,
          "end": 2.02,
          "confidence": 0.482
        },
        {
          "text": "vole?",
          "start": 2.02,
          "end": 2.3,
          "confidence": 0.249
        }
      ]
    }
  ],
  "language": "fr"
}