{
  "text": " Mohoo, let's go with it again Mohoo, let's go with it again",
  "segments": [
    {
      "id": 0,
      "seek": 0,
      "start": 0.42,
      "end": 2.84,
      "text": " Mohoo, let's go with it again",
      "tokens": [
        50363,
        337,
        1219,
        2238,
        11,
        1309,
        338,
        467,
        351,
        340,
        757,
        50501
      ],
      "temperature": 0.0,
      "avg_logprob": -0.7688669057992789,
      "compression_ratio": 0.7837837837837838,
      "no_speech_prob": 0.11803241819143295,
      "confidence": 0.485,
      "words": [
        {
          "text": "Mohoo,",
          "start": 0.42,
          "end": 1.38,
          "confidence": 0.245
        },
        {
          "text": "let's",
          "start": 1.92,
          "end": 2.2,
          "confidence": 0.91
        },
        {
          "text": "go",
          "start": 2.2,
          "end": 2.3,
          "confidence": 0.908
        },
        {
          "text": "with",
          "start": 2.3,
          "end": 2.46,
          "confidence": 0.286
        },
        {
          "text": "it",
          "start": 2.46,
          "end": 2.56,
          "confidence": 0.939
        },
        {
          "text": "again",
          "start": 2.56,
          "end": 2.84,
          "confidence": 0.997
        }
      ]
    },
    {
      "id": 1,
      "seek": 3000,
      "start": 30.48,
      "end": 35.42,
      "text": " Mohoo, let's go with it again",
      "tokens": [
        50363,
        337,
        1219,
        2238,
        11,
        1309,
        338,
        467,
        351,
        340,
        757,
        50627
      ],
      "temperature": 0.0,
      "avg_logprob": -0.41309855534480167,
      "compression_ratio": 0.7837837837837838,
      "no_speech_prob": 0.34659242630004883,
      "confidence": 0.544,
      "words": [
        {
          "text": "Mohoo,",
          "start": 30.48,
          "end": 34.02,
          "confidence": 0.277
        },
        {
          "text": "let's",
          "start": 34.46,
          "end": 34.74,
          "confidence": 0.89
        },
        {
          "text": "go",
          "start": 34.74,
          "end": 34.86,
          "confidence": 0.935
        },
        {
          "text": "with",
          "start": 34.86,
          "end": 34.98,
          "confidence": 0.658
        },
        {
          "text": "it",
          "start": 34.98,
          "end": 35.1,
          "confidence": 0.79
        },
        {
          "text": "again",
          "start": 35.1,
          "end": 35.42,
          "confidence": 0.997
        }
      ]
    }
  ],
  "language": "en"
}