{
  "text": " Bonjour! Est-ce que vous allez bien? Bonjour! Esque vous allez bien!",
  "segments": [
    {
      "id": 0,
      "seek": 0,
      "start": 0.44,
      "end": 0.82,
      "text": " Bonjour!",
      "tokens": [
        50364,
        25431,
        2298,
        50438
      ],
      "temperature": 0.0,
      "avg_logprob": -0.7725919087727865,
      "compression_ratio": 0.8181818181818182,
      "no_speech_prob": 0.042649365961551666,
      "confidence": 0.69,
      "words": [
        {
          "text": "Bonjour!",
          "start": 0.44,
          "end": 0.82,
          "confidence": 0.69
        }
      ]
    },
    {
      "id": 1,
      "seek": 0,
      "start": 1.88,
      "end": 3.0,
      "text": " Est-ce que vous allez bien?",
      "tokens": [
        50438,
        4410,
        12,
        384,
        631,
        2630,
        18146,
        3610,
        2506,
        50538
      ],
      "temperature": 0.0,
      "avg_logprob": -0.7725919087727865,
      "compression_ratio": 0.8181818181818182,
      "no_speech_prob": 0.042649365961551666,
      "confidence": 0.68,
      "words": [
        {
          "text": "Est-ce",
          "start": 1.88,
          "end": 2.2,
          "confidence": 0.666
        },
        {
          "text": "que",
          "start": 2.2,
          "end": 2.24,
          "confidence": 0.873
        },
        {
          "text": "vous",
          "start": 2.24,
          "end": 2.36,
          "confidence": 0.993
        },
        {
          "text": "allez",
          "start": 2.36,
          "end": 2.56,
          "confidence": 0.269
        },
        {
          "text": "bien?",
          "start": 2.56,
          "end": 3.0,
          "confidence": 0.973
        }
      ]
    },
    {
      "id": 2,
      "seek": 3000,
      "start": 30.94,
      "end": 30.96,
      "text": " Bonjour!",
      "tokens": [
        50364,
        25431,
        2298,
        50514
      ],
      "temperature": 0.0,
      "avg_logprob": -0.9274039635291467,
      "compression_ratio": 0.7948717948717948,
      "no_speech_prob": 0.35791996121406555,
      "confidence": 0.533,
      "words": [
        {
          "text": "Bonjour!",
          "start": 30.94,
          "end": 30.96,
          "confidence": 0.533
        }
      ]
    },
    {
      "id": 3,
      "seek": 3000,
      "start": 33.04,
      "end": 35.48,
      "text": " Esque vous allez bien!",
      "tokens": [
        50514,
        2313,
        1077,
        2630,
        18146,
        3610,
        2298,
        50614
      ],
      "temperature": 0.0,
      "avg_logprob": -0.9274039635291467,
      "compression_ratio": 0.7948717948717948,
      "no_speech_prob": 0.35791996121406555,
      "confidence": 0.484,
      "words": [
        {
          "text": "Esque",
          "start": 33.04,
          "end": 34.76,
          "confidence": 0.186
        },
        {
          "text": "vous",
          "start": 34.76,
          "end": 34.9,
          "confidence": 0.982
        },
        {
          "text": "allez",
          "start": 34.9,
          "end": 35.08,
          "confidence": 0.782
        },
        {
          "text": "bien!",
          "start": 35.08,
          "end": 35.48,
          "confidence": 0.998
        }
      ]
    }
  ],
  "language": "fr"
}