{
  "text": "...",
  "segments": [
    {
      "id": 0,
      "seek": 0,
      "start": 0.18,
      "end": 0.66,
      "text": "...",
      "tokens": [
        50364,
        1097,
        50414
      ],
      "temperature": 0.0,
      "avg_logprob": -1.2480181455612183,
      "compression_ratio": 0.2727272727272727,
      "no_speech_prob": 0.5706130266189575,
      "confidence": 0.089,
      "words": [
        {
          "text": "...",
          "start": 0.18,
          "end": 0.66,
          "confidence": 0.089
        }
      ]
    }
  ],
  "language": "fr"
}