[00:00.440 --> 00:00.820] Bonjour!
[00:01.880 --> 00:02.200] Est-ce
[00:02.200 --> 00:02.240] que
[00:02.240 --> 00:02.360] vous
[00:02.360 --> 00:02.560] allez
[00:02.560 --> 00:03.000] bien?
[00:30.940 --> 00:30.960] Bonjour!
[00:33.040 --> 00:34.760] Esque
[00:34.760 --> 00:34.900] vous
[00:34.900 --> 00:35.080] allez
[00:35.080 --> 00:35.480] bien!
