{
  "text": " Thanks for watching!",
  "segments": [
    {
      "id": 0,
      "seek": 0,
      "start": 0.0,
      "end": 2.52,
      "text": " Thanks for watching!",
      "tokens": [
        50364,
        2561,
        337,
        1976,
        0,
        50518
      ],
      "temperature": 0.0,
      "avg_logprob": -0.8085990633283343,
      "compression_ratio": 0.7142857142857143,
      "no_speech_prob": 0.43768733739852905,
      "confidence": 0.369,
      "words": [
        {
          "text": "Thanks",
          "start": 0.0,
          "end": 1.5,
          "confidence": 0.056
        },
        {
          "text": "for",
          "start": 1.5,
          "end": 2.46,
          "confidence": 0.948
        },
        {
          "text": "watching!",
          "start": 2.46,
          "end": 2.52,
          "confidence": 0.948
        }
      ]
    }
  ],
  "language": "en"
}