{
  "text": "3212122222222211111111111111111111111111111111111111111111111",
  "segments": [
    {
      "id": 0,
      "seek": 0,
      "start": 0.04,
      "end": 0.7,
      "text": "3",
      "tokens": [
        50364,
        18,
        50464
      ],
      "temperature": 0.0,
      "avg_logprob": -0.28562339869412506,
      "compression_ratio": 1.0,
      "no_speech_prob": 0.8409799933433533,
      "confidence": 0.029,
      "words": [
        {
          "text": "3",
          "start": 0.04,
          "end": 0.7,
          "confidence": 0.029
        }
      ]
    },
    {
      "id": 1,
      "seek": 0,
      "start": 1.96,
      "end": 3.02,
      "text": "2",
      "tokens": [
        50464,
        17,
        50564
      ],
      "temperature": 0.0,
      "avg_logprob": -0.28562339869412506,
      "compression_ratio": 1.0,
      "no_speech_prob": 0.8409799933433533,
      "confidence": 0.691,
      "words": [
        {
          "text": "2",
          "start": 1.96,
          "end": 3.02,
          "confidence": 0.691
        }
      ]
    },
    {
      "id": 2,
      "seek": 0,
      "start": 3.72,
      "end": 4.92,
      "text": "1",
      "tokens": [
        50564,
        16,
        50664
      ],
      "temperature": 0.0,
      "avg_logprob": -0.28562339869412506,
      "compression_ratio": 1.0,
      "no_speech_prob": 0.8409799933433533,
      "confidence": 0.949,
      "words": [
        {
          "text": "1",
          "start": 3.72,
          "end": 4.92,
          "confidence": 0.949
        }
      ]
    },
    {
      "id": 3,
      "seek": 0,
      "start": 5.5,
      "end": 7.08,
      "text": "2",
      "tokens": [
        50664,
        17,
        50764
      ],
      "temperature": 0.0,
      "avg_logprob": -0.28562339869412506,
      "compression_ratio": 1.0,
      "no_speech_prob": 0.8409799933433533,
      "confidence": 0.278,
      "words": [
        {
          "text": "2",
          "start": 5.5,
          "end": 7.08,
          "confidence": 0.278
        }
      ]
    },
    {
      "id": 4,
      "seek": 0,
      "start": 8.46,
      "end": 9.34,
      "text": "1",
      "tokens": [
        50764,
        16,
        50864
      ],
      "temperature": 0.0,
      "avg_logprob": -0.28562339869412506,
      "compression_ratio": 1.0,
      "no_speech_prob": 0.8409799933433533,
      "confidence": 0.702,
      "words": [
        {
          "text": "1",
          "start": 8.46,
          "end": 9.34,
          "confidence": 0.702
        }
      ]
    },
    {
      "id": 5,
      "seek": 0,
      "start": 9.78,
      "end": 11.34,
      "text": "2",
      "tokens": [
        50864,
        17,
        50964
      ],
      "temperature": 0.0,
      "avg_logprob": -0.28562339869412506,
      "compression_ratio": 1.0,
      "no_speech_prob": 0.8409799933433533,
      "confidence": 0.919,
      "words": [
        {
          "text": "2",
          "start": 9.78,
          "end": 11.34,
          "confidence": 0.919
        }
      ]
    },
    {
      "id": 6,
      "seek": 0,
      "start": 11.8,
      "end": 13.4,
      "text": "2",
      "tokens": [
        50964,
        17,
        51064
      ],
      "temperature": 0.0,
      "avg_logprob": -0.28562339869412506,
      "compression_ratio": 1.0,
      "no_speech_prob": 0.8409799933433533,
      "confidence": 0.657,
      "words": [
        {
          "text": "2",
          "start": 11.8,
          "end": 13.4,
          "confidence": 0.657
        }
      ]
    },
    {
      "id": 7,
      "seek": 0,
      "start": 13.68,
      "end": 15.54,
      "text": "2",
      "tokens": [
        51064,
        17,
        51164
      ],
      "temperature": 0.0,
      "avg_logprob": -0.28562339869412506,
      "compression_ratio": 1.0,
      "no_speech_prob": 0.8409799933433533,
      "confidence": 0.773,
      "words": [
        {
          "text": "2",
          "start": 13.68,
          "end": 15.54,
          "confidence": 0.773
        }
      ]
    },
    {
      "id": 8,
      "seek": 0,
      "start": 15.54,
      "end": 17.2,
      "text": "2",
      "tokens": [
        51164,
        17,
        51264
      ],
      "temperature": 0.0,
      "avg_logprob": -0.28562339869412506,
      "compression_ratio": 1.0,
      "no_speech_prob": 0.8409799933433533,
      "confidence": 0.905,
      "words": [
        {
          "text": "2",
          "start": 15.54,
          "end": 17.2,
          "confidence": 0.905
        }
      ]
    },
    {
      "id": 9,
      "seek": 0,
      "start": 17.5,
      "end": 19.24,
      "text": "2",
      "tokens": [
        51264,
        17,
        51364
      ],
      "temperature": 0.0,
      "avg_logprob": -0.28562339869412506,
      "compression_ratio": 1.0,
      "no_speech_prob": 0.8409799933433533,
      "confidence": 0.809,
      "words": [
        {
          "text": "2",
          "start": 17.5,
          "end": 19.24,
          "confidence": 0.809
        }
      ]
    },
    {
      "id": 10,
      "seek": 0,
      "start": 19.64,
      "end": 20.8,
      "text": "2",
      "tokens": [
        51364,
        17,
        51464
      ],
      "temperature": 0.0,
      "avg_logprob": -0.28562339869412506,
      "compression_ratio": 1.0,
      "no_speech_prob": 0.8409799933433533,
      "confidence": 0.626,
      "words": [
        {
          "text": "2",
          "start": 19.64,
          "end": 20.8,
          "confidence": 0.626
        }
      ]
    },
    {
      "id": 11,
      "seek": 0,
      "start": 22.06,
      "end": 22.9,
      "text": "2",
      "tokens": [
        51464,
        17,
        51564
      ],
      "temperature": 0.0,
      "avg_logprob": -0.28562339869412506,
      "compression_ratio": 1.0,
      "no_speech_prob": 0.8409799933433533,
      "confidence": 0.834,
      "words": [
        {
          "text": "2",
          "start": 22.06,
          "end": 22.9,
          "confidence": 0.834
        }
      ]
    },
    {
      "id": 12,
      "seek": 0,
      "start": 23.56,
      "end": 25.08,
      "text": "2",
      "tokens": [
        51564,
        17,
        51664
      ],
      "temperature": 0.0,
      "avg_logprob": -0.28562339869412506,
      "compression_ratio": 1.0,
      "no_speech_prob": 0.8409799933433533,
      "confidence": 0.974,
      "words": [
        {
          "text": "2",
          "start": 23.56,
          "end": 25.08,
          "confidence": 0.974
        }
      ]
    },
    {
      "id": 13,
      "seek": 0,
      "start": 26.48,
      "end": 27.08,
      "text": "2",
      "tokens": [
        51664,
        17,
        51764
      ],
      "temperature": 0.0,
      "avg_logprob": -0.28562339869412506,
      "compression_ratio": 1.0,
      "no_speech_prob": 0.8409799933433533,
      "confidence": 0.971,
      "words": [
        {
          "text": "2",
          "start": 26.48,
          "end": 27.08,
          "confidence": 0.971
        }
      ]
    },
    {
      "id": 14,
      "seek": 2800,
      "start": 28.12,
      "end": 29.62,
      "text": "1",
      "tokens": [
        50364,
        16,
        50464
      ],
      "temperature": 0.0,
      "avg_logprob": -0.11717794158241966,
      "compression_ratio": 1.2727272727272727,
      "no_speech_prob": 0.18292438983917236,
      "confidence": 0.316,
      "words": [
        {
          "text": "1",
          "start": 28.12,
          "end": 29.62,
          "confidence": 0.316
        }
      ]
    },
    {
      "id": 15,
      "seek": 2800,
      "start": 29.84,
      "end": 31.14,
      "text": "1",
      "tokens": [
        50464,
        16,
        50564
      ],
      "temperature": 0.0,
      "avg_logprob": -0.11717794158241966,
      "compression_ratio": 1.2727272727272727,
      "no_speech_prob": 0.18292438983917236,
      "confidence": 0.545,
      "words": [
        {
          "text": "1",
          "start": 29.84,
          "end": 31.14,
          "confidence": 0.545
        }
      ]
    },
    {
      "id": 16,
      "seek": 2800,
      "start": 32.06,
      "end": 33.18,
      "text": "1",
      "tokens": [
        50564,
        16,
        50664
      ],
      "temperature": 0.0,
      "avg_logprob": -0.11717794158241966,
      "compression_ratio": 1.2727272727272727,
      "no_speech_prob": 0.18292438983917236,
      "confidence": 0.913,
      "words": [
        {
          "text": "1",
          "start": 32.06,
          "end": 33.18,
          "confidence": 0.913
        }
      ]
    },
    {
      "id": 17,
      "seek": 2800,
      "start": 33.5,
      "end": 35.1,
      "text": "1",
      "tokens": [
        50664,
        16,
        50764
      ],
      "temperature": 0.0,
      "avg_logprob": -0.11717794158241966,
      "compression_ratio": 1.2727272727272727,
      "no_speech_prob": 0.18292438983917236,
      "confidence": 0.887,
      "words": [
        {
          "text": "1",
          "start": 33.5,
          "end": 35.1,
          "confidence": 0.887
        }
      ]
    },
    {
      "id": 18,
      "seek": 2800,
      "start": 36.18,
      "end": 36.64,
      "text": "1",
      "tokens": [
        50764,
        16,
        50864
      ],
      "temperature": 0.0,
      "avg_logprob": -0.11717794158241966,
      "compression_ratio": 1.2727272727272727,
      "no_speech_prob": 0.18292438983917236,
      "confidence": 0.957,
      "words": [
        {
          "text": "1",
          "start": 36.18,
          "end": 36.64,
          "confidence": 0.957
        }
      ]
    },
    {
      "id": 19,
      "seek": 2800,
      "start": 37.5,
      "end": 38.46,
      "text": "1",
      "tokens": [
        50864,
        16,
        50964
      ],
      "temperature": 0.0,
      "avg_logprob": -0.11717794158241966,
      "compression_ratio": 1.2727272727272727,
      "no_speech_prob": 0.18292438983917236,
      "confidence": 0.958,
      "words": [
        {
          "text": "1",
          "start": 37.5,
          "end": 38.46,
          "confidence": 0.958
        }
      ]
    },
    {
      "id": 20,
      "seek": 2800,
      "start": 39.5,
      "end": 41.14,
      "text": "1",
      "tokens": [
        50964,
        16,
        51064
      ],
      "temperature": 0.0,
      "avg_logprob": -0.11717794158241966,
      "compression_ratio": 1.2727272727272727,
      "no_speech_prob": 0.18292438983917236,
      "confidence": 0.966,
      "words": [
        {
          "text": "1",
          "start": 39.5,
          "end": 41.14,
          "confidence": 0.966
        }
      ]
    },
    {
      "id": 21,
      "seek": 2800,
      "start": 41.5,
      "end": 43.38,
      "text": "1",
      "tokens": [
        51064,
        16,
        51164
      ],
      "temperature": 0.0,
      "avg_logprob": -0.11717794158241966,
      "compression_ratio": 1.2727272727272727,
      "no_speech_prob": 0.18292438983917236,
      "confidence": 0.973,
      "words": [
        {
          "text": "1",
          "start": 41.5,
          "end": 43.38,
          "confidence": 0.973
        }
      ]
    },
    {
      "id": 22,
      "seek": 2800,
      "start": 43.88,
      "end": 44.68,
      "text": "1",
      "tokens": [
        51164,
        16,
        51264
      ],
      "temperature": 0.0,
      "avg_logprob": -0.11717794158241966,
      "compression_ratio": 1.2727272727272727,
      "no_speech_prob": 0.18292438983917236,
      "confidence": 0.946,
      "words": [
        {
          "text": "1",
          "start": 43.88,
          "end": 44.68,
          "confidence": 0.946
        }
      ]
    },
    {
      "id": 23,
      "seek": 2800,
      "start": 45.5,
      "end": 47.16,
      "text": "1",
      "tokens": [
        51264,
        16,
        51364
      ],
      "temperature": 0.0,
      "avg_logprob": -0.11717794158241966,
      "compression_ratio": 1.2727272727272727,
      "no_speech_prob": 0.18292438983917236,
      "confidence": 0.96,
      "words": [
        {
          "text": "1",
          "start": 45.5,
          "end": 47.16,
          "confidence": 0.96
        }
      ]
    },
    {
      "id": 24,
      "seek": 2800,
      "start": 47.94,
      "end": 48.8,
      "text": "1",
      "tokens": [
        51364,
        16,
        51464
      ],
      "temperature": 0.0,
      "avg_logprob": -0.11717794158241966,
      "compression_ratio": 1.2727272727272727,
      "no_speech_prob": 0.18292438983917236,
      "confidence": 0.965,
      "words": [
        {
          "text": "1",
          "start": 47.94,
          "end": 48.8,
          "confidence": 0.965
        }
      ]
    },
    {
      "id": 25,
      "seek": 2800,
      "start": 50.22,
      "end": 50.96,
      "text": "1",
      "tokens": [
        51464,
        16,
        51564
      ],
      "temperature": 0.0,
      "avg_logprob": -0.11717794158241966,
      "compression_ratio": 1.2727272727272727,
      "no_speech_prob": 0.18292438983917236,
      "confidence": 0.967,
      "words": [
        {
          "text": "1",
          "start": 50.22,
          "end": 50.96,
          "confidence": 0.967
        }
      ]
    },
    {
      "id": 26,
      "seek": 2800,
      "start": 52.22,
      "end": 52.84,
      "text": "1",
      "tokens": [
        51564,
        16,
        51664
      ],
      "temperature": 0.0,
      "avg_logprob": -0.11717794158241966,
      "compression_ratio": 1.2727272727272727,
      "no_speech_prob": 0.18292438983917236,
      "confidence": 0.963,
      "words": [
        {
          "text": "1",
          "start": 52.22,
          "end": 52.84,
          "confidence": 0.963
        }
      ]
    },
    {
      "id": 27,
      "seek": 2800,
      "start": 53.5,
      "end": 54.78,
      "text": "1",
      "tokens": [
        51664,
        16,
        51764
      ],
      "temperature": 0.0,
      "avg_logprob": -0.11717794158241966,
      "compression_ratio": 1.2727272727272727,
      "no_speech_prob": 0.18292438983917236,
      "confidence": 0.945,
      "words": [
        {
          "text": "1",
          "start": 53.5,
          "end": 54.78,
          "confidence": 0.945
        }
      ]
    },
    {
      "id": 28,
      "seek": 5600,
      "start": 56.56,
      "end": 57.24,
      "text": "1",
      "tokens": [
        50364,
        16,
        50464
      ],
      "temperature": 0.0,
      "avg_logprob": -0.12248417464169589,
      "compression_ratio": 1.2727272727272727,
      "no_speech_prob": 0.1875864416360855,
      "confidence": 0.425,
      "words": [
        {
          "text": "1",
          "start": 56.56,
          "end": 57.24,
          "confidence": 0.425
        }
      ]
    },
    {
      "id": 29,
      "seek": 5600,
      "start": 57.64,
      "end": 58.86,
      "text": "1",
      "tokens": [
        50464,
        16,
        50564
      ],
      "temperature": 0.0,
      "avg_logprob": -0.12248417464169589,
      "compression_ratio": 1.2727272727272727,
      "no_speech_prob": 0.1875864416360855,
      "confidence": 0.789,
      "words": [
        {
          "text": "1",
          "start": 57.64,
          "end": 58.86,
          "confidence": 0.789
        }
      ]
    },
    {
      "id": 30,
      "seek": 5600,
      "start": 60.08,
      "end": 60.92,
      "text": "1",
      "tokens": [
        50564,
        16,
        50664
      ],
      "temperature": 0.0,
      "avg_logprob": -0.12248417464169589,
      "compression_ratio": 1.2727272727272727,
      "no_speech_prob": 0.1875864416360855,
      "confidence": 0.953,
      "words": [
        {
          "text": "1",
          "start": 60.08,
          "end": 60.92,
          "confidence": 0.953
        }
      ]
    },
    {
      "id": 31,
      "seek": 5600,
      "start": 61.5,
      "end": 62.62,
      "text": "1",
      "tokens": [
        50664,
        16,
        50764
      ],
      "temperature": 0.0,
      "avg_logprob": -0.12248417464169589,
      "compression_ratio": 1.2727272727272727,
      "no_speech_prob": 0.1875864416360855,
      "confidence": 0.949,
      "words": [
        {
          "text": "1",
          "start": 61.5,
          "end": 62.62,
          "confidence": 0.949
        }
      ]
    },
    {
      "id": 32,
      "seek": 5600,
      "start": 64.36,
      "end": 65.06,
      "text": "1",
      "tokens": [
        50764,
        16,
        50864
      ],
      "temperature": 0.0,
      "avg_logprob": -0.12248417464169589,
      "compression_ratio": 1.2727272727272727,
      "no_speech_prob": 0.1875864416360855,
      "confidence": 0.954,
      "words": [
        {
          "text": "1",
          "start": 64.36,
          "end": 65.06,
          "confidence": 0.954
        }
      ]
    },
    {
      "id": 33,
      "seek": 5600,
      "start": 65.5,
      "end": 66.92,
      "text": "1",
      "tokens": [
        50864,
        16,
        50964
      ],
      "temperature": 0.0,
      "avg_logprob": -0.12248417464169589,
      "compression_ratio": 1.2727272727272727,
      "no_speech_prob": 0.1875864416360855,
      "confidence": 0.952,
      "words": [
        {
          "text": "1",
          "start": 65.5,
          "end": 66.92,
          "confidence": 0.952
        }
      ]
    },
    {
      "id": 34,
      "seek": 5600,
      "start": 67.96,
      "end": 69.06,
      "text": "1",
      "tokens": [
        50964,
        16,
        51064
      ],
      "temperature": 0.0,
      "avg_logprob": -0.12248417464169589,
      "compression_ratio": 1.2727272727272727,
      "no_speech_prob": 0.1875864416360855,
      "confidence": 0.965,
      "words": [
        {
          "text": "1",
          "start": 67.96,
          "end": 69.06,
          "confidence": 0.965
        }
      ]
    },
    {
      "id": 35,
      "seek": 5600,
      "start": 70.38,
      "end": 71.69,
      "text": "1",
      "tokens": [
        51064,
        16,
        51164
      ],
      "temperature": 0.0,
      "avg_logprob": -0.12248417464169589,
      "compression_ratio": 1.2727272727272727,
      "no_speech_prob": 0.1875864416360855,
      "confidence": 0.956,
      "words": [
        {
          "text": "1",
          "start": 70.38,
          "end": 71.69,
          "confidence": 0.956
        }
      ]
    },
    {
      "id": 36,
      "seek": 5600,
      "start": 71.69,
      "end": 73.56,
      "text": "1",
      "tokens": [
        51164,
        16,
        51264
      ],
      "temperature": 0.0,
      "avg_logprob": -0.12248417464169589,
      "compression_ratio": 1.2727272727272727,
      "no_speech_prob": 0.1875864416360855,
      "confidence": 0.957,
      "words": [
        {
          "text": "1",
          "start": 71.69,
          "end": 73.56,
          "confidence": 0.957
        }
      ]
    },
    {
      "id": 37,
      "seek": 5600,
      "start": 73.56,
      "end": 75.34,
      "text": "1",
      "tokens": [
        51264,
        16,
        51364
      ],
      "temperature": 0.0,
      "avg_logprob": -0.12248417464169589,
      "compression_ratio": 1.2727272727272727,
      "no_speech_prob": 0.1875864416360855,
      "confidence": 0.955,
      "words": [
        {
          "text": "1",
          "start": 73.56,
          "end": 75.34,
          "confidence": 0.955
        }
      ]
    },
    {
      "id": 38,
      "seek": 5600,
      "start": 75.5,
      "end": 76.42,
      "text": "1",
      "tokens": [
        51364,
        16,
        51464
      ],
      "temperature": 0.0,
      "avg_logprob": -0.12248417464169589,
      "compression_ratio": 1.2727272727272727,
      "no_speech_prob": 0.1875864416360855,
      "confidence": 0.939,
      "words": [
        {
          "text": "1",
          "start": 75.5,
          "end": 76.42,
          "confidence": 0.939
        }
      ]
    },
    {
      "id": 39,
      "seek": 5600,
      "start": 78.14,
      "end": 78.78,
      "text": "1",
      "tokens": [
        51464,
        16,
        51564
      ],
      "temperature": 0.0,
      "avg_logprob": -0.12248417464169589,
      "compression_ratio": 1.2727272727272727,
      "no_speech_prob": 0.1875864416360855,
      "confidence": 0.936,
      "words": [
        {
          "text": "1",
          "start": 78.14,
          "end": 78.78,
          "confidence": 0.936
        }
      ]
    },
    {
      "id": 40,
      "seek": 5600,
      "start": 80.08,
      "end": 80.86,
      "text": "1",
      "tokens": [
        51564,
        16,
        51664
      ],
      "temperature": 0.0,
      "avg_logprob": -0.12248417464169589,
      "compression_ratio": 1.2727272727272727,
      "no_speech_prob": 0.1875864416360855,
      "confidence": 0.922,
      "words": [
        {
          "text": "1",
          "start": 80.08,
          "end": 80.86,
          "confidence": 0.922
        }
      ]
    },
    {
      "id": 41,
      "seek": 5600,
      "start": 81.5,
      "end": 82.84,
      "text": "1",
      "tokens": [
        51664,
        16,
        51764
      ],
      "temperature": 0.0,
      "avg_logprob": -0.12248417464169589,
      "compression_ratio": 1.2727272727272727,
      "no_speech_prob": 0.1875864416360855,
      "confidence": 0.896,
      "words": [
        {
          "text": "1",
          "start": 81.5,
          "end": 82.84,
          "confidence": 0.896
        }
      ]
    },
    {
      "id": 42,
      "seek": 8400,
      "start": 84.82,
      "end": 85.6,
      "text": "1",
      "tokens": [
        50364,
        16,
        50464
      ],
      "temperature": 0.0,
      "avg_logprob": -0.10892029242082076,
      "compression_ratio": 1.2727272727272727,
      "no_speech_prob": 0.1820167452096939,
      "confidence": 0.793,
      "words": [
        {
          "text": "1",
          "start": 84.82,
          "end": 85.6,
          "confidence": 0.793
        }
      ]
    },
    {
      "id": 43,
      "seek": 8400,
      "start": 85.6,
      "end": 86.8,
      "text": "1",
      "tokens": [
        50464,
        16,
        50564
      ],
      "temperature": 0.0,
      "avg_logprob": -0.10892029242082076,
      "compression_ratio": 1.2727272727272727,
      "no_speech_prob": 0.1820167452096939,
      "confidence": 0.88,
      "words": [
        {
          "text": "1",
          "start": 85.6,
          "end": 86.8,
          "confidence": 0.88
        }
      ]
    },
    {
      "id": 44,
      "seek": 8400,
      "start": 87.76,
      "end": 88.72,
      "text": "1",
      "tokens": [
        50564,
        16,
        50664
      ],
      "temperature": 0.0,
      "avg_logprob": -0.10892029242082076,
      "compression_ratio": 1.2727272727272727,
      "no_speech_prob": 0.1820167452096939,
      "confidence": 0.954,
      "words": [
        {
          "text": "1",
          "start": 87.76,
          "end": 88.72,
          "confidence": 0.954
        }
      ]
    },
    {
      "id": 45,
      "seek": 8400,
      "start": 89.5,
      "end": 90.52,
      "text": "1",
      "tokens": [
        50664,
        16,
        50764
      ],
      "temperature": 0.0,
      "avg_logprob": -0.10892029242082076,
      "compression_ratio": 1.2727272727272727,
      "no_speech_prob": 0.1820167452096939,
      "confidence": 0.951,
      "words": [
        {
          "text": "1",
          "start": 89.5,
          "end": 90.52,
          "confidence": 0.951
        }
      ]
    },
    {
      "id": 46,
      "seek": 8400,
      "start": 91.5,
      "end": 93.02,
      "text": "1",
      "tokens": [
        50764,
        16,
        50864
      ],
      "temperature": 0.0,
      "avg_logprob": -0.10892029242082076,
      "compression_ratio": 1.2727272727272727,
      "no_speech_prob": 0.1820167452096939,
      "confidence": 0.91,
      "words": [
        {
          "text": "1",
          "start": 91.5,
          "end": 93.02,
          "confidence": 0.91
        }
      ]
    },
    {
      "id": 47,
      "seek": 8400,
      "start": 93.68,
      "end": 95.36,
      "text": "1",
      "tokens": [
        50864,
        16,
        50964
      ],
      "temperature": 0.0,
      "avg_logprob": -0.10892029242082076,
      "compression_ratio": 1.2727272727272727,
      "no_speech_prob": 0.1820167452096939,
      "confidence": 0.944,
      "words": [
        {
          "text": "1",
          "start": 93.68,
          "end": 95.36,
          "confidence": 0.944
        }
      ]
    },
    {
      "id": 48,
      "seek": 8400,
      "start": 95.86,
      "end": 97.84,
      "text": "1",
      "tokens": [
        50964,
        16,
        51064
      ],
      "temperature": 0.0,
      "avg_logprob": -0.10892029242082076,
      "compression_ratio": 1.2727272727272727,
      "no_speech_prob": 0.1820167452096939,
      "confidence": 0.967,
      "words": [
        {
          "text": "1",
          "start": 95.86,
          "end": 97.84,
          "confidence": 0.967
        }
      ]
    },
    {
      "id": 49,
      "seek": 8400,
      "start": 97.84,
      "end": 98.98,
      "text": "1",
      "tokens": [
        51064,
        16,
        51164
      ],
      "temperature": 0.0,
      "avg_logprob": -0.10892029242082076,
      "compression_ratio": 1.2727272727272727,
      "no_speech_prob": 0.1820167452096939,
      "confidence": 0.976,
      "words": [
        {
          "text": "1",
          "start": 97.84,
          "end": 98.98,
          "confidence": 0.976
        }
      ]
    },
    {
      "id": 50,
      "seek": 8400,
      "start": 99.5,
      "end": 101.1,
      "text": "1",
      "tokens": [
        51164,
        16,
        51264
      ],
      "temperature": 0.0,
      "avg_logprob": -0.10892029242082076,
      "compression_ratio": 1.2727272727272727,
      "no_speech_prob": 0.1820167452096939,
      "confidence": 0.981,
      "words": [
        {
          "text": "1",
          "start": 99.5,
          "end": 101.1,
          "confidence": 0.981
        }
      ]
    },
    {
      "id": 51,
      "seek": 8400,
      "start": 101.5,
      "end": 103.48,
      "text": "1",
      "tokens": [
        51264,
        16,
        51364
      ],
      "temperature": 0.0,
      "avg_logprob": -0.10892029242082076,
      "compression_ratio": 1.2727272727272727,
      "no_speech_prob": 0.1820167452096939,
      "confidence": 0.985,
      "words": [
        {
          "text": "1",
          "start": 101.5,
          "end": 103.48,
          "confidence": 0.985
        }
      ]
    },
    {
      "id": 52,
      "seek": 8400,
      "start": 103.5,
      "end": 105.44,
      "text": "1",
      "tokens": [
        51364,
        16,
        51464
      ],
      "temperature": 0.0,
      "avg_logprob": -0.10892029242082076,
      "compression_ratio": 1.2727272727272727,
      "no_speech_prob": 0.1820167452096939,
      "confidence": 0.987,
      "words": [
        {
          "text": "1",
          "start": 103.5,
          "end": 105.44,
          "confidence": 0.987
        }
      ]
    },
    {
      "id": 53,
      "seek": 8400,
      "start": 105.58,
      "end": 107.08,
      "text": "1",
      "tokens": [
        51464,
        16,
        51564
      ],
      "temperature": 0.0,
      "avg_logprob": -0.10892029242082076,
      "compression_ratio": 1.2727272727272727,
      "no_speech_prob": 0.1820167452096939,
      "confidence": 0.956,
      "words": [
        {
          "text": "1",
          "start": 105.58,
          "end": 107.08,
          "confidence": 0.956
        }
      ]
    },
    {
      "id": 54,
      "seek": 8400,
      "start": 108.32,
      "end": 108.98,
      "text": "1",
      "tokens": [
        51564,
        16,
        51664
      ],
      "temperature": 0.0,
      "avg_logprob": -0.10892029242082076,
      "compression_ratio": 1.2727272727272727,
      "no_speech_prob": 0.1820167452096939,
      "confidence": 0.946,
      "words": [
        {
          "text": "1",
          "start": 108.32,
          "end": 108.98,
          "confidence": 0.946
        }
      ]
    },
    {
      "id": 55,
      "seek": 8400,
      "start": 109.5,
      "end": 110.4,
      "text": "1",
      "tokens": [
        51664,
        16,
        51764
      ],
      "temperature": 0.0,
      "avg_logprob": -0.10892029242082076,
      "compression_ratio": 1.2727272727272727,
      "no_speech_prob": 0.1820167452096939,
      "confidence": 0.888,
      "words": [
        {
          "text": "1",
          "start": 109.5,
          "end": 110.4,
          "confidence": 0.888
        }
      ]
    },
    {
      "id": 56,
      "seek": 11200,
      "start": 112.66,
      "end": 113.32,
      "text": "1",
      "tokens": [
        50364,
        16,
        50464
      ],
      "temperature": 0.0,
      "avg_logprob": -0.13131670653820038,
      "compression_ratio": 0.45454545454545453,
      "no_speech_prob": 0.27970418334007263,
      "confidence": 0.917,
      "words": [
        {
          "text": "1",
          "start": 112.66,
          "end": 113.32,
          "confidence": 0.917
        }
      ]
    },
    {
      "id": 57,
      "seek": 11200,
      "start": 113.98,
      "end": 114.82,
      "text": "1",
      "tokens": [
        50464,
        16,
        50564
      ],
      "temperature": 0.0,
      "avg_logprob": -0.13131670653820038,
      "compression_ratio": 0.45454545454545453,
      "no_speech_prob": 0.27970418334007263,
      "confidence": 0.888,
      "words": [
        {
          "text": "1",
          "start": 113.98,
          "end": 114.82,
          "confidence": 0.888
        }
      ]
    },
    {
      "id": 58,
      "seek": 11200,
      "start": 116.1,
      "end": 117.3,
      "text": "1",
      "tokens": [
        50564,
        16,
        50664
      ],
      "temperature": 0.0,
      "avg_logprob": -0.13131670653820038,
      "compression_ratio": 0.45454545454545453,
      "no_speech_prob": 0.27970418334007263,
      "confidence": 0.979,
      "words": [
        {
          "text": "1",
          "start": 116.1,
          "end": 117.3,
          "confidence": 0.979
        }
      ]
    },
    {
      "id": 59,
      "seek": 11200,
      "start": 117.5,
      "end": 118.68,
      "text": "1",
      "tokens": [
        50664,
        16,
        50764
      ],
      "temperature": 0.0,
      "avg_logprob": -0.13131670653820038,
      "compression_ratio": 0.45454545454545453,
      "no_speech_prob": 0.27970418334007263,
      "confidence": 0.981,
      "words": [
        {
          "text": "1",
          "start": 117.5,
          "end": 118.68,
          "confidence": 0.981
        }
      ]
    },
    {
      "id": 60,
      "seek": 11200,
      "start": 119.5,
      "end": 120.86,
      "text": "1",
      "tokens": [
        50764,
        16,
        50864
      ],
      "temperature": 0.0,
      "avg_logprob": -0.13131670653820038,
      "compression_ratio": 0.45454545454545453,
      "no_speech_prob": 0.27970418334007263,
      "confidence": 0.973,
      "words": [
        {
          "text": "1",
          "start": 119.5,
          "end": 120.86,
          "confidence": 0.973
        }
      ]
    }
  ],
  "language": "zh"
}