{
  "text": " Apollo 11, Houston we got a recommendation for you on your Soyuz VEA GLEME GVA. Alright, okay, we like to see you guys. They make it one or two on the helmet. We're going to have a B1 and you can put the other one on the mic helmet with those GVA blizzard frames. Alright, got them. Alright, got them. They're the better helmet than the B1. They got the one mic down. They're going to the leak reshaping. We got them in their helmet bags. And we got them in the helmet bags. At least this one is in the helmet bags. Right here. Right here. Yeah, we're thinking next week on a field hunt. We were going to hang with the cover. I tried it already. Okay, fine. We weren't sure of that. Just a suggestion. We thought we'd say you could check it out. I'm not sure if you were already done that. So, I guess we're going to come up with this. Let us know. Okay, no problem. Okay, no problem. We'll let you know when the end of the sun.",
  "segments": [
    {
      "id": 0,
      "seek": 0,
      "start": 0.52,
      "end": 6.54,
      "text": " Apollo 11, Houston we got a recommendation for you on your Soyuz VEA GLEME GVA.",
      "tokens": [
        50364,
        25187,
        2975,
        11,
        18717,
        321,
        658,
        257,
        11879,
        337,
        291,
        322,
        428,
        24758,
        3334,
        691,
        36,
        32,
        460,
        2634,
        15454,
        460,
        20914,
        13,
        50714
      ],
      "temperature": 0.1,
      "avg_logprob": -0.7229130591875241,
      "compression_ratio": 1.3697916666666667,
      "no_speech_prob": 0.44998496770858765,
      "confidence": 0.538,
      "words": [
        {
          "text": "Apollo",
          "start": 0.52,
          "end": 0.88,
          "confidence": 0.155
        },
        {
          "text": "11,",
          "start": 0.88,
          "end": 1.26,
          "confidence": 0.977
        },
        {
          "text": "Houston",
          "start": 1.52,
          "end": 1.72,
          "confidence": 0.986
        },
        {
          "text": "we",
          "start": 1.72,
          "end": 1.94,
          "confidence": 0.518
        },
        {
          "text": "got",
          "start": 1.94,
          "end": 2.1,
          "confidence": 0.823
        },
        {
          "text": "a",
          "start": 2.1,
          "end": 2.26,
          "confidence": 0.989
        },
        {
          "text": "recommendation",
          "start": 2.26,
          "end": 2.86,
          "confidence": 0.968
        },
        {
          "text": "for",
          "start": 2.86,
          "end": 3.44,
          "confidence": 0.946
        },
        {
          "text": "you",
          "start": 3.44,
          "end": 3.6,
          "confidence": 0.984
        },
        {
          "text": "on",
          "start": 3.6,
          "end": 3.72,
          "confidence": 0.909
        },
        {
          "text": "your",
          "start": 3.72,
          "end": 3.92,
          "confidence": 0.971
        },
        {
          "text": "Soyuz",
          "start": 3.92,
          "end": 4.76,
          "confidence": 0.283
        },
        {
          "text": "VEA",
          "start": 4.76,
          "end": 5.28,
          "confidence": 0.337
        },
        {
          "text": "GLEME",
          "start": 5.28,
          "end": 5.74,
          "confidence": 0.457
        },
        {
          "text": "GVA.",
          "start": 5.74,
          "end": 6.54,
          "confidence": 0.394
        }
      ]
    },
    {
      "id": 1,
      "seek": 0,
      "start": 7.48,
      "end": 14.58,
      "text": " Alright, okay, we like to see you guys.",
      "tokens": [
        50714,
        2798,
        11,
        1392,
        11,
        321,
        411,
        281,
        536,
        291,
        1074,
        13,
        51114
      ],
      "temperature": 0.1,
      "avg_logprob": -0.7229130591875241,
      "compression_ratio": 1.3697916666666667,
      "no_speech_prob": 0.44998496770858765,
      "confidence": 0.32,
      "words": [
        {
          "text": "Alright,",
          "start": 7.48,
          "end": 11.04,
          "confidence": 0.302
        },
        {
          "text": "okay,",
          "start": 11.68,
          "end": 12.22,
          "confidence": 0.503
        },
        {
          "text": "we",
          "start": 12.52,
          "end": 12.96,
          "confidence": 0.6
        },
        {
          "text": "like",
          "start": 12.96,
          "end": 13.28,
          "confidence": 0.502
        },
        {
          "text": "to",
          "start": 13.28,
          "end": 13.54,
          "confidence": 0.261
        },
        {
          "text": "see",
          "start": 13.54,
          "end": 14.0,
          "confidence": 0.09
        },
        {
          "text": "you",
          "start": 14.0,
          "end": 14.4,
          "confidence": 0.146
        },
        {
          "text": "guys.",
          "start": 14.4,
          "end": 14.58,
          "confidence": 0.711
        }
      ]
    },
    {
      "id": 2,
      "seek": 0,
      "start": 14.82,
      "end": 17.17,
      "text": " They make it one or two on the helmet.",
      "tokens": [
        51114,
        814,
        652,
        309,
        472,
        420,
        732,
        322,
        264,
        15922,
        13,
        51214
      ],
      "temperature": 0.1,
      "avg_logprob": -0.7229130591875241,
      "compression_ratio": 1.3697916666666667,
      "no_speech_prob": 0.44998496770858765,
      "confidence": 0.491,
      "words": [
        {
          "text": "They",
          "start": 14.82,
          "end": 15.48,
          "confidence": 0.525
        },
        {
          "text": "make",
          "start": 15.48,
          "end": 15.68,
          "confidence": 0.52
        },
        {
          "text": "it",
          "start": 15.68,
          "end": 15.86,
          "confidence": 0.287
        },
        {
          "text": "one",
          "start": 15.86,
          "end": 16.08,
          "confidence": 0.318
        },
        {
          "text": "or",
          "start": 16.08,
          "end": 16.24,
          "confidence": 0.155
        },
        {
          "text": "two",
          "start": 16.24,
          "end": 16.36,
          "confidence": 0.971
        },
        {
          "text": "on",
          "start": 16.36,
          "end": 16.58,
          "confidence": 0.694
        },
        {
          "text": "the",
          "start": 16.58,
          "end": 16.78,
          "confidence": 0.88
        },
        {
          "text": "helmet.",
          "start": 16.78,
          "end": 17.17,
          "confidence": 0.727
        }
      ]
    },
    {
      "id": 3,
      "seek": 0,
      "start": 17.17,
      "end": 24.52,
      "text": " We're going to have a B1 and you can put the other one on the mic helmet with those GVA blizzard frames.",
      "tokens": [
        51214,
        492,
        434,
        516,
        281,
        362,
        257,
        363,
        16,
        293,
        291,
        393,
        829,
        264,
        661,
        472,
        322,
        264,
        3123,
        15922,
        365,
        729,
        460,
        20914,
        888,
        31062,
        12083,
        13,
        51614
      ],
      "temperature": 0.1,
      "avg_logprob": -0.7229130591875241,
      "compression_ratio": 1.3697916666666667,
      "no_speech_prob": 0.44998496770858765,
      "confidence": 0.542,
      "words": [
        {
          "text": "We're",
          "start": 17.17,
          "end": 17.78,
          "confidence": 0.62
        },
        {
          "text": "going",
          "start": 17.78,
          "end": 17.92,
          "confidence": 0.544
        },
        {
          "text": "to",
          "start": 17.92,
          "end": 17.98,
          "confidence": 0.993
        },
        {
          "text": "have",
          "start": 17.98,
          "end": 18.2,
          "confidence": 0.947
        },
        {
          "text": "a",
          "start": 18.2,
          "end": 18.36,
          "confidence": 0.351
        },
        {
          "text": "B1",
          "start": 18.36,
          "end": 19.08,
          "confidence": 0.828
        },
        {
          "text": "and",
          "start": 19.08,
          "end": 20.16,
          "confidence": 0.481
        },
        {
          "text": "you",
          "start": 20.16,
          "end": 20.32,
          "confidence": 0.844
        },
        {
          "text": "can",
          "start": 20.32,
          "end": 20.48,
          "confidence": 0.683
        },
        {
          "text": "put",
          "start": 20.48,
          "end": 20.64,
          "confidence": 0.968
        },
        {
          "text": "the",
          "start": 20.64,
          "end": 20.84,
          "confidence": 0.975
        },
        {
          "text": "other",
          "start": 20.84,
          "end": 21.0,
          "confidence": 0.995
        },
        {
          "text": "one",
          "start": 21.0,
          "end": 21.18,
          "confidence": 0.97
        },
        {
          "text": "on",
          "start": 21.18,
          "end": 21.42,
          "confidence": 0.982
        },
        {
          "text": "the",
          "start": 21.42,
          "end": 21.94,
          "confidence": 0.614
        },
        {
          "text": "mic",
          "start": 21.94,
          "end": 22.48,
          "confidence": 0.464
        },
        {
          "text": "helmet",
          "start": 22.48,
          "end": 22.8,
          "confidence": 0.934
        },
        {
          "text": "with",
          "start": 22.8,
          "end": 23.06,
          "confidence": 0.422
        },
        {
          "text": "those",
          "start": 23.06,
          "end": 23.3,
          "confidence": 0.356
        },
        {
          "text": "GVA",
          "start": 23.3,
          "end": 23.74,
          "confidence": 0.323
        },
        {
          "text": "blizzard",
          "start": 23.74,
          "end": 24.18,
          "confidence": 0.105
        },
        {
          "text": "frames.",
          "start": 24.18,
          "end": 24.52,
          "confidence": 0.226
        }
      ]
    },
    {
      "id": 4,
      "seek": 2500,
      "start": 25.0,
      "end": 29.2,
      "text": " Alright, got them.",
      "tokens": [
        50364,
        2798,
        11,
        658,
        552,
        13,
        50714
      ],
      "temperature": 0.1,
      "avg_logprob": -0.6328490062426495,
      "compression_ratio": 1.9366197183098592,
      "no_speech_prob": 0.45422592759132385,
      "confidence": 0.22,
      "words": [
        {
          "text": "Alright,",
          "start": 25.0,
          "end": 27.36,
          "confidence": 0.098
        },
        {
          "text": "got",
          "start": 29.0,
          "end": 29.18,
          "confidence": 0.306
        },
        {
          "text": "them.",
          "start": 29.18,
          "end": 29.2,
          "confidence": 0.352
        }
      ]
    },
    {
      "id": 5,
      "seek": 2500,
      "start": 32.48,
      "end": 33.44,
      "text": " Alright, got them.",
      "tokens": [
        50714,
        2798,
        11,
        658,
        552,
        13,
        50814
      ],
      "temperature": 0.1,
      "avg_logprob": -0.6328490062426495,
      "compression_ratio": 1.9366197183098592,
      "no_speech_prob": 0.45422592759132385,
      "confidence": 0.795,
      "words": [
        {
          "text": "Alright,",
          "start": 32.48,
          "end": 32.9,
          "confidence": 0.615
        },
        {
          "text": "got",
          "start": 33.08,
          "end": 33.18,
          "confidence": 0.869
        },
        {
          "text": "them.",
          "start": 33.18,
          "end": 33.44,
          "confidence": 0.941
        }
      ]
    },
    {
      "id": 6,
      "seek": 2500,
      "start": 33.5,
      "end": 34.94,
      "text": " They're the better helmet than the B1.",
      "tokens": [
        50814,
        814,
        434,
        264,
        1101,
        15922,
        813,
        264,
        363,
        16,
        13,
        50914
      ],
      "temperature": 0.1,
      "avg_logprob": -0.6328490062426495,
      "compression_ratio": 1.9366197183098592,
      "no_speech_prob": 0.45422592759132385,
      "confidence": 0.466,
      "words": [
        {
          "text": "They're",
          "start": 33.5,
          "end": 33.52,
          "confidence": 0.391
        },
        {
          "text": "the",
          "start": 33.52,
          "end": 33.58,
          "confidence": 0.481
        },
        {
          "text": "better",
          "start": 33.58,
          "end": 33.76,
          "confidence": 0.696
        },
        {
          "text": "helmet",
          "start": 33.76,
          "end": 34.2,
          "confidence": 0.787
        },
        {
          "text": "than",
          "start": 34.2,
          "end": 34.44,
          "confidence": 0.291
        },
        {
          "text": "the",
          "start": 34.44,
          "end": 34.62,
          "confidence": 0.243
        },
        {
          "text": "B1.",
          "start": 34.62,
          "end": 34.94,
          "confidence": 0.604
        }
      ]
    },
    {
      "id": 7,
      "seek": 2500,
      "start": 35.5,
      "end": 36.38,
      "text": " They got the one mic down.",
      "tokens": [
        50914,
        814,
        658,
        264,
        472,
        3123,
        760,
        13,
        51014
      ],
      "temperature": 0.1,
      "avg_logprob": -0.6328490062426495,
      "compression_ratio": 1.9366197183098592,
      "no_speech_prob": 0.45422592759132385,
      "confidence": 0.516,
      "words": [
        {
          "text": "They",
          "start": 35.5,
          "end": 35.52,
          "confidence": 0.468
        },
        {
          "text": "got",
          "start": 35.52,
          "end": 35.58,
          "confidence": 0.519
        },
        {
          "text": "the",
          "start": 35.58,
          "end": 35.68,
          "confidence": 0.51
        },
        {
          "text": "one",
          "start": 35.68,
          "end": 35.78,
          "confidence": 0.629
        },
        {
          "text": "mic",
          "start": 35.78,
          "end": 36.06,
          "confidence": 0.45
        },
        {
          "text": "down.",
          "start": 36.06,
          "end": 36.38,
          "confidence": 0.541
        }
      ]
    },
    {
      "id": 8,
      "seek": 2500,
      "start": 37.62,
      "end": 39.38,
      "text": " They're going to the leak reshaping.",
      "tokens": [
        51014,
        814,
        434,
        516,
        281,
        264,
        17143,
        725,
        71,
        569,
        278,
        13,
        51114
      ],
      "temperature": 0.1,
      "avg_logprob": -0.6328490062426495,
      "compression_ratio": 1.9366197183098592,
      "no_speech_prob": 0.45422592759132385,
      "confidence": 0.347,
      "words": [
        {
          "text": "They're",
          "start": 37.62,
          "end": 37.98,
          "confidence": 0.4
        },
        {
          "text": "going",
          "start": 37.98,
          "end": 38.12,
          "confidence": 0.933
        },
        {
          "text": "to",
          "start": 38.12,
          "end": 38.36,
          "confidence": 0.438
        },
        {
          "text": "the",
          "start": 38.36,
          "end": 38.5,
          "confidence": 0.181
        },
        {
          "text": "leak",
          "start": 38.5,
          "end": 38.76,
          "confidence": 0.263
        },
        {
          "text": "reshaping.",
          "start": 38.76,
          "end": 39.38,
          "confidence": 0.3
        }
      ]
    },
    {
      "id": 9,
      "seek": 2500,
      "start": 39.88,
      "end": 41.96,
      "text": " We got them in their helmet bags.",
      "tokens": [
        51114,
        492,
        658,
        552,
        294,
        641,
        15922,
        10405,
        13,
        51264
      ],
      "temperature": 0.1,
      "avg_logprob": -0.6328490062426495,
      "compression_ratio": 1.9366197183098592,
      "no_speech_prob": 0.45422592759132385,
      "confidence": 0.707,
      "words": [
        {
          "text": "We",
          "start": 39.88,
          "end": 40.2,
          "confidence": 0.57
        },
        {
          "text": "got",
          "start": 40.2,
          "end": 40.48,
          "confidence": 0.562
        },
        {
          "text": "them",
          "start": 40.48,
          "end": 40.64,
          "confidence": 0.932
        },
        {
          "text": "in",
          "start": 40.64,
          "end": 40.74,
          "confidence": 0.941
        },
        {
          "text": "their",
          "start": 40.74,
          "end": 41.0,
          "confidence": 0.54
        },
        {
          "text": "helmet",
          "start": 41.0,
          "end": 41.52,
          "confidence": 0.944
        },
        {
          "text": "bags.",
          "start": 41.52,
          "end": 41.96,
          "confidence": 0.616
        }
      ]
    },
    {
      "id": 10,
      "seek": 2500,
      "start": 43.06,
      "end": 47.42,
      "text": " And we got them in the helmet bags.",
      "tokens": [
        51264,
        400,
        321,
        658,
        552,
        294,
        264,
        15922,
        10405,
        13,
        51514
      ],
      "temperature": 0.1,
      "avg_logprob": -0.6328490062426495,
      "compression_ratio": 1.9366197183098592,
      "no_speech_prob": 0.45422592759132385,
      "confidence": 0.498,
      "words": [
        {
          "text": "And",
          "start": 43.06,
          "end": 43.38,
          "confidence": 0.562
        },
        {
          "text": "we",
          "start": 43.38,
          "end": 44.0,
          "confidence": 0.341
        },
        {
          "text": "got",
          "start": 44.0,
          "end": 44.18,
          "confidence": 0.349
        },
        {
          "text": "them",
          "start": 44.18,
          "end": 44.52,
          "confidence": 0.329
        },
        {
          "text": "in",
          "start": 44.52,
          "end": 44.54,
          "confidence": 0.841
        },
        {
          "text": "the",
          "start": 44.54,
          "end": 44.66,
          "confidence": 0.359
        },
        {
          "text": "helmet",
          "start": 44.66,
          "end": 47.06,
          "confidence": 0.931
        },
        {
          "text": "bags.",
          "start": 47.06,
          "end": 47.42,
          "confidence": 0.612
        }
      ]
    },
    {
      "id": 11,
      "seek": 2500,
      "start": 48.22,
      "end": 49.58,
      "text": " At least this one is in the helmet bags.",
      "tokens": [
        51514,
        1711,
        1935,
        341,
        472,
        307,
        294,
        264,
        15922,
        10405,
        13,
        51614
      ],
      "temperature": 0.1,
      "avg_logprob": -0.6328490062426495,
      "compression_ratio": 1.9366197183098592,
      "no_speech_prob": 0.45422592759132385,
      "confidence": 0.456,
      "words": [
        {
          "text": "At",
          "start": 48.22,
          "end": 48.36,
          "confidence": 0.163
        },
        {
          "text": "least",
          "start": 48.36,
          "end": 48.6,
          "confidence": 0.911
        },
        {
          "text": "this",
          "start": 48.6,
          "end": 48.82,
          "confidence": 0.305
        },
        {
          "text": "one",
          "start": 48.82,
          "end": 48.98,
          "confidence": 0.416
        },
        {
          "text": "is",
          "start": 48.98,
          "end": 49.14,
          "confidence": 0.217
        },
        {
          "text": "in",
          "start": 49.14,
          "end": 49.16,
          "confidence": 0.715
        },
        {
          "text": "the",
          "start": 49.16,
          "end": 49.18,
          "confidence": 0.714
        },
        {
          "text": "helmet",
          "start": 49.18,
          "end": 49.22,
          "confidence": 0.514
        },
        {
          "text": "bags.",
          "start": 49.22,
          "end": 49.58,
          "confidence": 0.792
        }
      ]
    },
    {
      "id": 12,
      "seek": 2500,
      "start": 49.98,
      "end": 50.6,
      "text": " Right here.",
      "tokens": [
        51614,
        1779,
        510,
        13,
        51714
      ],
      "temperature": 0.1,
      "avg_logprob": -0.6328490062426495,
      "compression_ratio": 1.9366197183098592,
      "no_speech_prob": 0.45422592759132385,
      "confidence": 0.305,
      "words": [
        {
          "text": "Right",
          "start": 49.98,
          "end": 50.4,
          "confidence": 0.219
        },
        {
          "text": "here.",
          "start": 50.4,
          "end": 50.6,
          "confidence": 0.425
        }
      ]
    },
    {
      "id": 13,
      "seek": 2500,
      "start": 51.5,
      "end": 51.92,
      "text": " Right here.",
      "tokens": [
        51714,
        1779,
        510,
        13,
        51764
      ],
      "temperature": 0.1,
      "avg_logprob": -0.6328490062426495,
      "compression_ratio": 1.9366197183098592,
      "no_speech_prob": 0.45422592759132385,
      "confidence": 0.499,
      "words": [
        {
          "text": "Right",
          "start": 51.5,
          "end": 51.74,
          "confidence": 0.267
        },
        {
          "text": "here.",
          "start": 51.74,
          "end": 51.92,
          "confidence": 0.932
        }
      ]
    },
    {
      "id": 14,
      "seek": 5300,
      "start": 53.12,
      "end": 55.32,
      "text": " Yeah, we're thinking next week on a field hunt.",
      "tokens": [
        50364,
        865,
        11,
        321,
        434,
        1953,
        958,
        1243,
        322,
        257,
        2519,
        12454,
        13,
        50514
      ],
      "temperature": 0.1,
      "avg_logprob": -0.4141536091649255,
      "compression_ratio": 1.6652360515021458,
      "no_speech_prob": 0.12275344133377075,
      "confidence": 0.367,
      "words": [
        {
          "text": "Yeah,",
          "start": 53.12,
          "end": 53.26,
          "confidence": 0.765
        },
        {
          "text": "we're",
          "start": 53.34,
          "end": 53.42,
          "confidence": 0.638
        },
        {
          "text": "thinking",
          "start": 53.42,
          "end": 53.64,
          "confidence": 0.515
        },
        {
          "text": "next",
          "start": 53.64,
          "end": 53.86,
          "confidence": 0.301
        },
        {
          "text": "week",
          "start": 53.86,
          "end": 54.06,
          "confidence": 0.349
        },
        {
          "text": "on",
          "start": 54.06,
          "end": 54.22,
          "confidence": 0.217
        },
        {
          "text": "a",
          "start": 54.22,
          "end": 54.34,
          "confidence": 0.266
        },
        {
          "text": "field",
          "start": 54.34,
          "end": 55.1,
          "confidence": 0.118
        },
        {
          "text": "hunt.",
          "start": 55.1,
          "end": 55.32,
          "confidence": 0.39
        }
      ]
    },
    {
      "id": 15,
      "seek": 5300,
      "start": 56.4,
      "end": 61.02,
      "text": " We were going to hang with the cover.",
      "tokens": [
        50514,
        492,
        645,
        516,
        281,
        3967,
        365,
        264,
        2060,
        13,
        50764
      ],
      "temperature": 0.1,
      "avg_logprob": -0.4141536091649255,
      "compression_ratio": 1.6652360515021458,
      "no_speech_prob": 0.12275344133377075,
      "confidence": 0.439,
      "words": [
        {
          "text": "We",
          "start": 56.4,
          "end": 56.66,
          "confidence": 0.46
        },
        {
          "text": "were",
          "start": 56.66,
          "end": 56.88,
          "confidence": 0.366
        },
        {
          "text": "going",
          "start": 56.88,
          "end": 57.12,
          "confidence": 0.526
        },
        {
          "text": "to",
          "start": 57.12,
          "end": 57.22,
          "confidence": 0.946
        },
        {
          "text": "hang",
          "start": 57.22,
          "end": 57.38,
          "confidence": 0.33
        },
        {
          "text": "with",
          "start": 57.38,
          "end": 59.24,
          "confidence": 0.363
        },
        {
          "text": "the",
          "start": 59.24,
          "end": 59.48,
          "confidence": 0.221
        },
        {
          "text": "cover.",
          "start": 59.48,
          "end": 61.02,
          "confidence": 0.621
        }
      ]
    },
    {
      "id": 16,
      "seek": 5300,
      "start": 61.1,
      "end": 61.8,
      "text": " I tried it already.",
      "tokens": [
        50764,
        286,
        3031,
        309,
        1217,
        13,
        50814
      ],
      "temperature": 0.1,
      "avg_logprob": -0.4141536091649255,
      "compression_ratio": 1.6652360515021458,
      "no_speech_prob": 0.12275344133377075,
      "confidence": 0.688,
      "words": [
        {
          "text": "I",
          "start": 61.1,
          "end": 61.24,
          "confidence": 0.436
        },
        {
          "text": "tried",
          "start": 61.24,
          "end": 61.44,
          "confidence": 0.75
        },
        {
          "text": "it",
          "start": 61.44,
          "end": 61.62,
          "confidence": 0.791
        },
        {
          "text": "already.",
          "start": 61.62,
          "end": 61.8,
          "confidence": 0.868
        }
      ]
    },
    {
      "id": 17,
      "seek": 5300,
      "start": 62.48,
      "end": 63.01,
      "text": " Okay, fine.",
      "tokens": [
        50814,
        1033,
        11,
        2489,
        13,
        50864
      ],
      "temperature": 0.1,
      "avg_logprob": -0.4141536091649255,
      "compression_ratio": 1.6652360515021458,
      "no_speech_prob": 0.12275344133377075,
      "confidence": 0.814,
      "words": [
        {
          "text": "Okay,",
          "start": 62.48,
          "end": 62.78,
          "confidence": 0.696
        },
        {
          "text": "fine.",
          "start": 62.9,
          "end": 63.01,
          "confidence": 0.951
        }
      ]
    },
    {
      "id": 18,
      "seek": 5300,
      "start": 63.01,
      "end": 63.98,
      "text": " We weren't sure of that.",
      "tokens": [
        50864,
        492,
        4999,
        380,
        988,
        295,
        300,
        13,
        50914
      ],
      "temperature": 0.1,
      "avg_logprob": -0.4141536091649255,
      "compression_ratio": 1.6652360515021458,
      "no_speech_prob": 0.12275344133377075,
      "confidence": 0.87,
      "words": [
        {
          "text": "We",
          "start": 63.01,
          "end": 63.3,
          "confidence": 0.942
        },
        {
          "text": "weren't",
          "start": 63.3,
          "end": 63.56,
          "confidence": 0.994
        },
        {
          "text": "sure",
          "start": 63.56,
          "end": 63.72,
          "confidence": 0.981
        },
        {
          "text": "of",
          "start": 63.72,
          "end": 63.86,
          "confidence": 0.481
        },
        {
          "text": "that.",
          "start": 63.86,
          "end": 63.98,
          "confidence": 0.987
        }
      ]
    },
    {
      "id": 19,
      "seek": 5300,
      "start": 64.16,
      "end": 65.12,
      "text": " Just a suggestion.",
      "tokens": [
        50914,
        1449,
        257,
        16541,
        13,
        50964
      ],
      "temperature": 0.1,
      "avg_logprob": -0.4141536091649255,
      "compression_ratio": 1.6652360515021458,
      "no_speech_prob": 0.12275344133377075,
      "confidence": 0.819,
      "words": [
        {
          "text": "Just",
          "start": 64.16,
          "end": 64.56,
          "confidence": 0.658
        },
        {
          "text": "a",
          "start": 64.56,
          "end": 64.74,
          "confidence": 0.837
        },
        {
          "text": "suggestion.",
          "start": 64.74,
          "end": 65.12,
          "confidence": 0.998
        }
      ]
    },
    {
      "id": 20,
      "seek": 5300,
      "start": 65.22,
      "end": 67.7,
      "text": " We thought we'd say you could check it out.",
      "tokens": [
        50964,
        492,
        1194,
        321,
        1116,
        584,
        291,
        727,
        1520,
        309,
        484,
        13,
        51114
      ],
      "temperature": 0.1,
      "avg_logprob": -0.4141536091649255,
      "compression_ratio": 1.6652360515021458,
      "no_speech_prob": 0.12275344133377075,
      "confidence": 0.741,
      "words": [
        {
          "text": "We",
          "start": 65.22,
          "end": 65.42,
          "confidence": 0.882
        },
        {
          "text": "thought",
          "start": 65.42,
          "end": 65.54,
          "confidence": 0.983
        },
        {
          "text": "we'd",
          "start": 65.54,
          "end": 65.92,
          "confidence": 0.802
        },
        {
          "text": "say",
          "start": 65.92,
          "end": 66.06,
          "confidence": 0.178
        },
        {
          "text": "you",
          "start": 66.06,
          "end": 67.08,
          "confidence": 0.914
        },
        {
          "text": "could",
          "start": 67.08,
          "end": 67.22,
          "confidence": 0.699
        },
        {
          "text": "check",
          "start": 67.22,
          "end": 67.38,
          "confidence": 0.795
        },
        {
          "text": "it",
          "start": 67.38,
          "end": 67.54,
          "confidence": 0.996
        },
        {
          "text": "out.",
          "start": 67.54,
          "end": 67.7,
          "confidence": 0.998
        }
      ]
    },
    {
      "id": 21,
      "seek": 5300,
      "start": 68.2,
      "end": 69.24,
      "text": " I'm not sure if you were already done that.",
      "tokens": [
        51114,
        286,
        478,
        406,
        988,
        498,
        291,
        645,
        1217,
        1096,
        300,
        13,
        51164
      ],
      "temperature": 0.1,
      "avg_logprob": -0.4141536091649255,
      "compression_ratio": 1.6652360515021458,
      "no_speech_prob": 0.12275344133377075,
      "confidence": 0.425,
      "words": [
        {
          "text": "I'm",
          "start": 68.2,
          "end": 68.44,
          "confidence": 0.345
        },
        {
          "text": "not",
          "start": 68.44,
          "end": 68.5,
          "confidence": 0.351
        },
        {
          "text": "sure",
          "start": 68.5,
          "end": 68.64,
          "confidence": 0.857
        },
        {
          "text": "if",
          "start": 68.64,
          "end": 68.66,
          "confidence": 0.42
        },
        {
          "text": "you",
          "start": 68.66,
          "end": 68.68,
          "confidence": 0.547
        },
        {
          "text": "were",
          "start": 68.68,
          "end": 68.76,
          "confidence": 0.25
        },
        {
          "text": "already",
          "start": 68.76,
          "end": 68.88,
          "confidence": 0.558
        },
        {
          "text": "done",
          "start": 68.88,
          "end": 69.08,
          "confidence": 0.443
        },
        {
          "text": "that.",
          "start": 69.08,
          "end": 69.24,
          "confidence": 0.374
        }
      ]
    },
    {
      "id": 22,
      "seek": 5300,
      "start": 69.42,
      "end": 71.92,
      "text": " So, I guess we're going to come up with this.",
      "tokens": [
        51164,
        407,
        11,
        286,
        2041,
        321,
        434,
        516,
        281,
        808,
        493,
        365,
        341,
        13,
        51314
      ],
      "temperature": 0.1,
      "avg_logprob": -0.4141536091649255,
      "compression_ratio": 1.6652360515021458,
      "no_speech_prob": 0.12275344133377075,
      "confidence": 0.765,
      "words": [
        {
          "text": "So,",
          "start": 69.42,
          "end": 69.58,
          "confidence": 0.801
        },
        {
          "text": "I",
          "start": 69.7,
          "end": 69.88,
          "confidence": 0.783
        },
        {
          "text": "guess",
          "start": 69.88,
          "end": 70.62,
          "confidence": 0.992
        },
        {
          "text": "we're",
          "start": 70.62,
          "end": 71.08,
          "confidence": 0.75
        },
        {
          "text": "going",
          "start": 71.08,
          "end": 71.22,
          "confidence": 0.768
        },
        {
          "text": "to",
          "start": 71.22,
          "end": 71.28,
          "confidence": 0.991
        },
        {
          "text": "come",
          "start": 71.28,
          "end": 71.42,
          "confidence": 0.948
        },
        {
          "text": "up",
          "start": 71.42,
          "end": 71.6,
          "confidence": 0.676
        },
        {
          "text": "with",
          "start": 71.6,
          "end": 71.76,
          "confidence": 0.951
        },
        {
          "text": "this.",
          "start": 71.76,
          "end": 71.92,
          "confidence": 0.322
        }
      ]
    },
    {
      "id": 23,
      "seek": 5300,
      "start": 71.92,
      "end": 72.44,
      "text": " Let us know.",
      "tokens": [
        51314,
        961,
        505,
        458,
        13,
        51414
      ],
      "temperature": 0.1,
      "avg_logprob": -0.4141536091649255,
      "compression_ratio": 1.6652360515021458,
      "no_speech_prob": 0.12275344133377075,
      "confidence": 0.943,
      "words": [
        {
          "text": "Let",
          "start": 71.92,
          "end": 72.12,
          "confidence": 0.845
        },
        {
          "text": "us",
          "start": 72.12,
          "end": 72.26,
          "confidence": 0.994
        },
        {
          "text": "know.",
          "start": 72.26,
          "end": 72.44,
          "confidence": 0.999
        }
      ]
    },
    {
      "id": 24,
      "seek": 5300,
      "start": 74.14,
      "end": 75.16,
      "text": " Okay, no problem.",
      "tokens": [
        51414,
        1033,
        11,
        572,
        1154,
        13,
        51464
      ],
      "temperature": 0.1,
      "avg_logprob": -0.4141536091649255,
      "compression_ratio": 1.6652360515021458,
      "no_speech_prob": 0.12275344133377075,
      "confidence": 0.873,
      "words": [
        {
          "text": "Okay,",
          "start": 74.14,
          "end": 74.46,
          "confidence": 0.766
        },
        {
          "text": "no",
          "start": 74.6,
          "end": 74.82,
          "confidence": 0.895
        },
        {
          "text": "problem.",
          "start": 74.82,
          "end": 75.16,
          "confidence": 0.969
        }
      ]
    },
    {
      "id": 25,
      "seek": 5300,
      "start": 75.22,
      "end": 76.48,
      "text": " Okay, no problem.",
      "tokens": [
        51464,
        1033,
        11,
        572,
        1154,
        13,
        51514
      ],
      "temperature": 0.1,
      "avg_logprob": -0.4141536091649255,
      "compression_ratio": 1.6652360515021458,
      "no_speech_prob": 0.12275344133377075,
      "confidence": 0.69,
      "words": [
        {
          "text": "Okay,",
          "start": 75.22,
          "end": 75.78,
          "confidence": 0.367
        },
        {
          "text": "no",
          "start": 75.94,
          "end": 76.14,
          "confidence": 0.899
        },
        {
          "text": "problem.",
          "start": 76.14,
          "end": 76.48,
          "confidence": 0.996
        }
      ]
    },
    {
      "id": 26,
      "seek": 5300,
      "start": 76.48,
      "end": 78.22,
      "text": " We'll let you know when the end of the sun.",
      "tokens": [
        51514,
        492,
        603,
        718,
        291,
        458,
        562,
        264,
        917,
        295,
        264,
        3295,
        13,
        51614
      ],
      "temperature": 0.1,
      "avg_logprob": -0.4141536091649255,
      "compression_ratio": 1.6652360515021458,
      "no_speech_prob": 0.12275344133377075,
      "confidence": 0.636,
      "words": [
        {
          "text": "We'll",
          "start": 76.48,
          "end": 76.8,
          "confidence": 0.724
        },
        {
          "text": "let",
          "start": 76.8,
          "end": 76.92,
          "confidence": 0.956
        },
        {
          "text": "you",
          "start": 76.92,
          "end": 77.0,
          "confidence": 0.518
        },
        {
          "text": "know",
          "start": 77.0,
          "end": 77.16,
          "confidence": 0.998
        },
        {
          "text": "when",
          "start": 77.16,
          "end": 77.32,
          "confidence": 0.388
        },
        {
          "text": "the",
          "start": 77.32,
          "end": 77.4,
          "confidence": 0.846
        },
        {
          "text": "end",
          "start": 77.4,
          "end": 77.52,
          "confidence": 0.988
        },
        {
          "text": "of",
          "start": 77.52,
          "end": 77.64,
          "confidence": 0.986
        },
        {
          "text": "the",
          "start": 77.64,
          "end": 77.78,
          "confidence": 0.534
        },
        {
          "text": "sun.",
          "start": 77.78,
          "end": 78.22,
          "confidence": 0.155
        }
      ]
    }
  ],
  "language": "English"
}