start	end	text
380	2340	Dis-moi, est-ce que l'avion vole?
