{
  "text": "...",
  "segments": [
    {
      "id": 0,
      "seek": 0,
      "start": 0.0,
      "end": 8.46,
      "text": "...",
      "tokens": [
        50364,
        1097,
        51122
      ],
      "temperature": 0.0,
      "avg_logprob": -1.0787408351898193,
      "compression_ratio": 0.2727272727272727,
      "no_speech_prob": 0.2541781961917877,
      "confidence": 0.133,
      "words": [
        {
          "text": "...",
          "start": 0.0,
          "end": 8.46,
          "confidence": 0.133
        }
      ]
    }
  ],
  "language": "fr"
}